// Jest Snapshot v1, https://goo.gl/fbAQLP

exports[`Components - Card renders correctly 1`] = `
<View
  alignItems="stretch"
  backgroundColor="white"
  borderRadius={10}
  elevation={5}
  justifyContent="flex-start"
  marginBottom={0}
  marginLeft={0}
  marginRight={0}
  marginTop={0}
  paddingBottom={0}
  paddingLeft={0}
  paddingRight={0}
  paddingTop={0}
  style={
    Array [
      Object {
        "backgroundColor": "#fff",
        "borderBottomWidth": 0.5,
        "borderColor": "#ccc",
        "borderLeftWidth": 0.5,
        "borderRadius": 2,
        "borderRightWidth": 0.5,
        "borderTopWidth": 0.5,
        "elevation": 3,
        "flexWrap": "nowrap",
        "marginBottom": 5,
        "marginLeft": 2,
        "marginRight": 2,
        "marginTop": 5,
        "shadowColor": "#000",
        "shadowOffset": Object {
          "height": 2,
          "width": 0,
        },
        "shadowOpacity": 0.1,
        "shadowRadius": 1.5,
      },
      Object {
        "alignItems": "stretch",
        "backgroundColor": "white",
        "borderRadius": 10,
        "elevation": 5,
        "justifyContent": "flex-start",
        "marginBottom": 0,
        "marginLeft": 0,
        "marginRight": 0,
        "marginTop": 0,
        "paddingBottom": 0,
        "paddingLeft": 0,
        "paddingRight": 0,
        "paddingTop": 0,
        "width": "100%",
      },
      undefined,
    ]
  }
  width="100%"
/>
`;
