// Jest Snapshot v1, https://goo.gl/fbAQLP

exports[`Components - LogoQuality renders correctly 1`] = `
<Image
  source={
    Object {
      "testUri": "../../../commons/images/quality-logo.png",
    }
  }
  style={
    Array [
      Object {
        "resizeMode": "contain",
        "width": "100%",
      },
      undefined,
    ]
  }
/>
`;
